\BOOKMARK [0][-]{chapter*.1}{Dédicace}{}% 1
\BOOKMARK [0][-]{chapter*.2}{Remerciements}{}% 2
\BOOKMARK [0][-]{chapter*.3}{Résumé du projet}{}% 3
\BOOKMARK [0][-]{chapter.1}{Description\040du\040Projet}{}% 4
\BOOKMARK [1][-]{section.1.1}{Contexte et justification du projet de spécialisation}{chapter.1}% 5
\BOOKMARK [2][-]{subsection.1.1.1}{Contexte général}{section.1.1}% 6
\BOOKMARK [2][-]{subsection.1.1.2}{Justification\040du\040projet}{section.1.1}% 7
\BOOKMARK [1][-]{section.1.2}{Problématique et analyse de la problématique}{chapter.1}% 8
\BOOKMARK [2][-]{subsection.1.2.1}{Énoncé de la problématique}{section.1.2}% 9
\BOOKMARK [2][-]{subsection.1.2.2}{Analyse de la problématique}{section.1.2}% 10
\BOOKMARK [1][-]{section.1.3}{Objectifs du projet de spécialisation}{chapter.1}% 11
\BOOKMARK [2][-]{subsection.1.3.1}{Objectif général}{section.1.3}% 12
\BOOKMARK [2][-]{subsection.1.3.2}{Objectifs spécifiques}{section.1.3}% 13
\BOOKMARK [1][-]{section.1.4}{Hypothèses du projet de spécialisation}{chapter.1}% 14
\BOOKMARK [1][-]{section.1.5}{Intérêts et enjeux du projet de spécialisation}{chapter.1}% 15
\BOOKMARK [2][-]{subsection.1.5.1}{Intérêts du projet}{section.1.5}% 16
\BOOKMARK [2][-]{subsection.1.5.2}{Enjeux\040du\040projet}{section.1.5}% 17
\BOOKMARK [0][-]{chapter.2}{État des Lieux}{}% 18
\BOOKMARK [1][-]{section.2.1}{Revue\040des\040solutions\040existantes}{chapter.2}% 19
\BOOKMARK [2][-]{subsection.2.1.1}{Solutions\040africaines\040e-pharmacie}{section.2.1}% 20
\BOOKMARK [2][-]{subsection.2.1.2}{Solutions locales à Yaoundé}{section.2.1}% 21
\BOOKMARK [1][-]{section.2.2}{Benchmarking\040des\040solutions\040existantes}{chapter.2}% 22
\BOOKMARK [1][-]{section.2.3}{Caractère singulier de la solution}{chapter.2}% 23
\BOOKMARK [1][-]{section.2.4}{Impact sociétal de la solution}{chapter.2}% 24
\BOOKMARK [2][-]{subsection.2.4.1}{Impact sur l'accès aux soins}{section.2.4}% 25
\BOOKMARK [2][-]{subsection.2.4.2}{Impact économique}{section.2.4}% 26
\BOOKMARK [2][-]{subsection.2.4.3}{Impact\040environnemental}{section.2.4}% 27
\BOOKMARK [0][-]{chapter.3}{Process et Champs de Compétences Académiques et Professionnels}{}% 28
\BOOKMARK [1][-]{section.3.1}{Activités de mise en œuvre de la solution du projet}{chapter.3}% 29
\BOOKMARK [2][-]{subsection.3.1.1}{Méthodologie de développement}{section.3.1}% 30
\BOOKMARK [2][-]{subsection.3.1.2}{Analyse des besoins et modélisation UML}{section.3.1}% 31
\BOOKMARK [1][-]{section.3.2}{Sources et collecte des données terrains}{chapter.3}% 32
\BOOKMARK [2][-]{subsection.3.2.1}{Enquête auprès des pharmaciens}{section.3.2}% 33
\BOOKMARK [2][-]{subsection.3.2.2}{Enquête auprès des clients potentiels}{section.3.2}% 34
\BOOKMARK [2][-]{subsection.3.2.3}{Sources\040documentaires}{section.3.2}% 35
\BOOKMARK [1][-]{section.3.3}{Déclinaison de l'ensemble des UE de la spécialité}{chapter.3}% 36
\BOOKMARK [1][-]{section.3.4}{Mise en adéquation des activités avec les compétences issues des UE}{chapter.3}% 37
\BOOKMARK [2][-]{subsection.3.4.1}{Génie Logiciel}{section.3.4}% 38
\BOOKMARK [2][-]{subsection.3.4.2}{Développement Web et Bases de Données}{section.3.4}% 39
\BOOKMARK [2][-]{subsection.3.4.3}{Réseaux et Sécurité}{section.3.4}% 40
\BOOKMARK [2][-]{subsection.3.4.4}{Mathématiques appliquées}{section.3.4}% 41
\BOOKMARK [1][-]{section.3.5}{Matières de spécialité enrichissant le projet}{chapter.3}% 42
\BOOKMARK [2][-]{subsection.3.5.1}{E-commerce et Systèmes d'Information de Gestion}{section.3.5}% 43
\BOOKMARK [2][-]{subsection.3.5.2}{Entrepreneuriat\040et\040Innovation}{section.3.5}% 44
\BOOKMARK [2][-]{subsection.3.5.3}{Droit Informatique et Protection des Données}{section.3.5}% 45
\BOOKMARK [0][-]{chapter.4}{Profil de l'Équipe du Projet}{}% 46
\BOOKMARK [1][-]{section.4.1}{Distribution\040du\040profil\040des\040ressources\040humaines\040du\040projet}{chapter.4}% 47
\BOOKMARK [1][-]{section.4.2}{Rôles des différents membres de l'équipe du projet}{chapter.4}% 48
\BOOKMARK [1][-]{section.4.3}{Ventilation des activités du projet par membre}{chapter.4}% 49
\BOOKMARK [0][-]{chapter.5}{Démo, Simulation et Mise en Œuvre du Projet}{}% 50
\BOOKMARK [1][-]{section.5.1}{Prototypage\040de\040la\040solution}{chapter.5}% 51
\BOOKMARK [2][-]{subsection.5.1.1}{Architecture technique déployée}{section.5.1}% 52
\BOOKMARK [2][-]{subsection.5.1.2}{Présentation des modules développés}{section.5.1}% 53
\BOOKMARK [1][-]{section.5.2}{Scénario de simulation}{chapter.5}% 54
\BOOKMARK [2][-]{subsection.5.2.1}{Scénario 1 — Client cherche un médicament et passe commande}{section.5.2}% 55
\BOOKMARK [2][-]{subsection.5.2.2}{Scénario 2 — Pharmacien gère ses commandes et son stock}{section.5.2}% 56
\BOOKMARK [2][-]{subsection.5.2.3}{Scénario 3 — Renouvellement d'ordonnance \(patient chronique\)}{section.5.2}% 57
\BOOKMARK [1][-]{section.5.3}{Indicateurs de suivi et d'évaluation du projet}{chapter.5}% 58
\BOOKMARK [2][-]{subsection.5.3.1}{Indicateurs\040techniques}{section.5.3}% 59
\BOOKMARK [2][-]{subsection.5.3.2}{Indicateurs de qualité logicielle}{section.5.3}% 60
\BOOKMARK [2][-]{subsection.5.3.3}{Indicateurs d'impact \(projetés sur 12 mois de déploiement\)}{section.5.3}% 61
\BOOKMARK [0][-]{chapter*.14}{Conclusion}{}% 62
\BOOKMARK [0][-]{appendix*.15}{Annexes}{}% 63
\BOOKMARK [1][-]{table.Alph0.4}{Liste\040des\040tableaux}{appendix*.15}% 64
\BOOKMARK [1][-]{table.Alph0.4}{Liste\040des\040figures}{appendix*.15}% 65
\BOOKMARK [0][-]{appendix*.16}{Bibliographie}{}% 66
